// Jest Snapshot v1, https://goo.gl/fbAQLP

exports[`error is thrown when defaults do not pass own rules 1`] = `"moreThan: 5"`;
