// Jest Snapshot v1, https://goo.gl/fbAQLP

exports[`Point should return angle 1`] = `5.497787143782138`;
